gemma-26b-local L05 neutral_own   ally_majority   n= 1248 AUC 0.974  letter-count 0.960  shuffled 0.484
gemma-26b-local L05 neutral_own   rival_majority  n= 1248 AUC 0.965  letter-count 0.955  shuffled 0.512
gemma-26b-local L05 neutral_own   own             n= 1616 AUC 1.000  letter-count 1.000  shuffled 0.485
gemma-26b-local L05 neutral_noown ally_majority   n=  320 AUC 0.931  letter-count 0.958  shuffled 0.489
gemma-26b-local L05 neutral_noown rival_majority  n=  320 AUC 0.920  letter-count 0.956  shuffled 0.447
gemma-26b-local L05 political     ally_majority   n= 1280 AUC 0.959  letter-count 0.957  shuffled 0.504
gemma-26b-local L05 political     rival_majority  n= 1280 AUC 0.958  letter-count 0.958  shuffled 0.512
gemma-26b-local L05 political     own             n= 1672 AUC 1.000  letter-count 1.000  shuffled 0.510
gemma-26b-local L05 workplace     ally_majority   n= 1280 AUC 0.957  letter-count 0.957  shuffled 0.471
gemma-26b-local L05 workplace     rival_majority  n= 1280 AUC 0.963  letter-count 0.958  shuffled 0.493
gemma-26b-local L05 workplace     own             n= 1672 AUC 1.000  letter-count 1.000  shuffled 0.501
gemma-26b-local L05 transfer neutral_own->political ally_majority   AUC 0.792
gemma-26b-local L05 transfer neutral_own->political rival_majority  AUC 0.724
gemma-26b-local L05 transfer neutral_own->political own             AUC 0.942
gemma-26b-local L10 neutral_own   ally_majority   n= 1248 AUC 0.978  letter-count 0.960  shuffled 0.500
gemma-26b-local L10 neutral_own   rival_majority  n= 1248 AUC 0.974  letter-count 0.955  shuffled 0.518
gemma-26b-local L10 neutral_own   own             n= 1616 AUC 1.000  letter-count 1.000  shuffled 0.520
gemma-26b-local L10 neutral_noown ally_majority   n=  320 AUC 0.962  letter-count 0.958  shuffled 0.513
gemma-26b-local L10 neutral_noown rival_majority  n=  320 AUC 0.967  letter-count 0.956  shuffled 0.475
gemma-26b-local L10 political     ally_majority   n= 1280 AUC 0.960  letter-count 0.957  shuffled 0.476
gemma-26b-local L10 political     rival_majority  n= 1280 AUC 0.952  letter-count 0.958  shuffled 0.489
gemma-26b-local L10 political     own             n= 1672 AUC 1.000  letter-count 1.000  shuffled 0.506
gemma-26b-local L10 workplace     ally_majority   n= 1280 AUC 0.968  letter-count 0.957  shuffled 0.469
gemma-26b-local L10 workplace     rival_majority  n= 1280 AUC 0.960  letter-count 0.958  shuffled 0.503
gemma-26b-local L10 workplace     own             n= 1672 AUC 1.000  letter-count 1.000  shuffled 0.519
gemma-26b-local L10 transfer neutral_own->political ally_majority   AUC 0.703
gemma-26b-local L10 transfer neutral_own->political rival_majority  AUC 0.836
gemma-26b-local L10 transfer neutral_own->political own             AUC 0.888
gemma-26b-local L15 neutral_own   ally_majority   n= 1248 AUC 0.983  letter-count 0.960  shuffled 0.527
gemma-26b-local L15 neutral_own   rival_majority  n= 1248 AUC 0.965  letter-count 0.955  shuffled 0.520
gemma-26b-local L15 neutral_own   own             n= 1616 AUC 1.000  letter-count 1.000  shuffled 0.483
gemma-26b-local L15 neutral_noown ally_majority   n=  320 AUC 0.963  letter-count 0.958  shuffled 0.554
gemma-26b-local L15 neutral_noown rival_majority  n=  320 AUC 0.943  letter-count 0.956  shuffled 0.519
gemma-26b-local L15 political     ally_majority   n= 1280 AUC 0.946  letter-count 0.957  shuffled 0.468
gemma-26b-local L15 political     rival_majority  n= 1280 AUC 0.938  letter-count 0.958  shuffled 0.497
gemma-26b-local L15 political     own             n= 1672 AUC 1.000  letter-count 1.000  shuffled 0.518
gemma-26b-local L15 workplace     ally_majority   n= 1280 AUC 0.953  letter-count 0.957  shuffled 0.499
gemma-26b-local L15 workplace     rival_majority  n= 1280 AUC 0.943  letter-count 0.958  shuffled 0.538
gemma-26b-local L15 workplace     own             n= 1672 AUC 1.000  letter-count 1.000  shuffled 0.512
gemma-26b-local L15 transfer neutral_own->political ally_majority   AUC 0.724
gemma-26b-local L15 transfer neutral_own->political rival_majority  AUC 0.651
gemma-26b-local L15 transfer neutral_own->political own             AUC 0.838
